Initializing document watcher...
Document watcher initialized
mdbaddi/.github/workflows/opa-ci.yml: {"tabSize":2,"indentSize":2,"insertSpaces":true,"cursorStyle":1,"lineNumbers":1}
mdbaddi/.github/workflows/opa-ci.yml: Using EditorConfig core...
.github/workflows/opa-ci.yml: Target charset is not set
mdbaddi/.github/workflows/opa-ci.yml: {"tabSize":2,"indentSize":2,"insertSpaces":true,"cursorStyle":1,"lineNumbers":1}
mdbaddi/.github/workflows/opa-ci.yml: {"tabSize":2,"indentSize":2,"insertSpaces":true,"cursorStyle":1,"lineNumbers":1}
mdbaddi/.github/workflows/opa-ci.yml: {"tabSize":2,"indentSize":2,"insertSpaces":true,"cursorStyle":1,"lineNumbers":1}
mdbaddi/.github/workflows/opa-ci.yml: Using EditorConfig core...
.github/workflows/opa-ci.yml: Target charset is not set
mdbaddi/lineage-event.json: {"tabSize":2,"indentSize":2,"insertSpaces":true,"cursorStyle":1,"lineNumbers":1}
mdbaddi/lineage-event.json: Using EditorConfig core...
lineage-event.json: Target charset is not set
mdbaddi/.github/workflows/opa-ci.yml: {"tabSize":2,"indentSize":2,"insertSpaces":true,"cursorStyle":1,"lineNumbers":1}
mdbaddi/.github/workflows/opa-ci.yml: Using EditorConfig core...
.github/workflows/opa-ci.yml: Target charset is not set
mdbaddi/.github/workflows/opa-ci.yml: {"tabSize":2,"indentSize":2,"insertSpaces":true,"cursorStyle":1,"lineNumbers":1}
mdbaddi/.github/workflows/opa-ci.yml: {"tabSize":2,"indentSize":2,"insertSpaces":true,"cursorStyle":1,"lineNumbers":1}
mdbaddi/.github/workflows/opa-ci.yml: {"tabSize":2,"indentSize":2,"insertSpaces":true,"cursorStyle":1,"lineNumbers":1}
mdbaddi/.github/workflows/opa-ci.yml: {"tabSize":2,"indentSize":2,"insertSpaces":true,"cursorStyle":1,"lineNumbers":1}
mdbaddi/.github/workflows/opa-ci.yml: {"tabSize":2,"indentSize":2,"insertSpaces":true,"cursorStyle":1,"lineNumbers":1}
mdbaddi/.github/workflows/opa-ci.yml: Using EditorConfig core...
mdbaddi/.github/workflows/opa-ci.yml: Using EditorConfig core...
.github/workflows/opa-ci.yml: Target charset is not set
mdbaddi/.github/workflows/opa-ci.yml: {"tabSize":2,"indentSize":2,"insertSpaces":true,"cursorStyle":1,"lineNumbers":1}
mdbaddi/.github/workflows/opa-ci.yml: Using EditorConfig core...
mdbaddi/.github/workflows/opa-ci.yml: Using EditorConfig core...
.github/workflows/opa-ci.yml: Target charset is not set
mdbaddi/.github/workflows/opa-ci.yml: {"tabSize":2,"indentSize":2,"insertSpaces":true,"cursorStyle":1,"lineNumbers":1}
mdbaddi/.github/workflows/opa-ci.yml: {"tabSize":2,"indentSize":2,"insertSpaces":true,"cursorStyle":1,"lineNumbers":1}
mdbaddi/.github/workflows/opa-ci.yml: {"tabSize":2,"indentSize":2,"insertSpaces":true,"cursorStyle":1,"lineNumbers":1}
mdbaddi/.github/workflows/opa-ci.yml: {"tabSize":2,"indentSize":2,"insertSpaces":true,"cursorStyle":1,"lineNumbers":1}
mdbaddi/.github/workflows/opa-ci.yml: {"tabSize":2,"indentSize":2,"insertSpaces":true,"cursorStyle":1,"lineNumbers":1}
mdbaddi/.github/workflows/opa-ci.yml: {"tabSize":2,"indentSize":2,"insertSpaces":true,"cursorStyle":1,"lineNumbers":1}
mdbaddi/.github/workflows/opa-ci.yml: {"tabSize":2,"indentSize":2,"insertSpaces":true,"cursorStyle":1,"lineNumbers":1}
mdbaddi/.github/workflows/opa-ci.yml: {"tabSize":2,"indentSize":2,"insertSpaces":true,"cursorStyle":1,"lineNumbers":1}
mdbaddi/.github/workflows/opa-ci.yml: {"tabSize":2,"indentSize":2,"insertSpaces":true,"cursorStyle":1,"lineNumbers":1}
mdbaddi/.github/workflows/opa-ci.yml: {"tabSize":2,"indentSize":2,"insertSpaces":true,"cursorStyle":1,"lineNumbers":1}
mdbaddi/.github/workflows/opa-ci.yml: {"tabSize":2,"indentSize":2,"insertSpaces":true,"cursorStyle":1,"lineNumbers":1}
mdbaddi/.github/workflows/opa-ci.yml: {"tabSize":2,"indentSize":2,"insertSpaces":true,"cursorStyle":1,"lineNumbers":1}
mdbaddi/.github/workflows/opa-ci.yml: {"tabSize":2,"indentSize":2,"insertSpaces":true,"cursorStyle":1,"lineNumbers":1}
mdbaddi/.github/workflows/opa-ci.yml: {"tabSize":2,"indentSize":2,"insertSpaces":true,"cursorStyle":1,"lineNumbers":1}
mdbaddi/.gitignore: {"tabSize":4,"indentSize":4,"insertSpaces":true,"cursorStyle":1,"lineNumbers":1}
mdbaddi/.gitignore: Using EditorConfig core...
.gitignore: Target charset is not set
mdbaddi/.gitignore: Using EditorConfig core...
mdbaddi/.gitignore: Using EditorConfig core...
.gitignore: Target charset is not set
mdbaddi/.gitignore: Using EditorConfig core...
mdbaddi/.gitignore: Using EditorConfig core...
.gitignore: Target charset is not set
mdbaddi/lineage-event.json: {"tabSize":2,"indentSize":2,"insertSpaces":true,"cursorStyle":1,"lineNumbers":1}
mdbaddi/lineage-event.json: Using EditorConfig core...
lineage-event.json: Target charset is not set
mdbaddi/README-cloudshell.txt: {"tabSize":4,"indentSize":4,"insertSpaces":true,"cursorStyle":1,"lineNumbers":1}
mdbaddi/README-cloudshell.txt: Using EditorConfig core...
README-cloudshell.txt: Target charset is not set
mdbaddi/lineage-event.json: {"tabSize":2,"indentSize":2,"insertSpaces":true,"cursorStyle":1,"lineNumbers":1}
mdbaddi/lineage-event.json: Using EditorConfig core...
lineage-event.json: Target charset is not set
mdbaddi/lineage-event.json: {"tabSize":2,"indentSize":2,"insertSpaces":true,"cursorStyle":1,"lineNumbers":1}
mdbaddi/.gitignore: {}
mdbaddi/.gitignore: {"tabSize":4,"indentSize":4,"insertSpaces":true,"cursorStyle":1,"lineNumbers":1}
mdbaddi/.gitignore: Using EditorConfig core...
.gitignore: Target charset is not set
mdbaddi/.github/workflows/opa-ci.yml: {"tabSize":2,"indentSize":2,"insertSpaces":true,"cursorStyle":1,"lineNumbers":1}
mdbaddi/.github/workflows/opa-ci.yml: Using EditorConfig core...
.github/workflows/opa-ci.yml: Target charset is not set
mdbaddi/lineage-event.json: {"tabSize":2,"indentSize":2,"insertSpaces":true,"cursorStyle":1,"lineNumbers":1}
mdbaddi/lineage-event.json: Using EditorConfig core...
lineage-event.json: Target charset is not set
mdbaddi/.github/workflows/opa-ci.yml: {"tabSize":2,"indentSize":2,"insertSpaces":true,"cursorStyle":1,"lineNumbers":1}
mdbaddi/.github/workflows/opa-ci.yml: Using EditorConfig core...
.github/workflows/opa-ci.yml: Target charset is not set
mdbaddi/.github/workflows/opa-ci.yml: {"tabSize":2,"indentSize":2,"insertSpaces":true,"cursorStyle":1,"lineNumbers":1}
mdbaddi/.github/workflows/opa-ci.yml: {"tabSize":2,"indentSize":2,"insertSpaces":true,"cursorStyle":1,"lineNumbers":1}
mdbaddi/.gitignore: {"tabSize":4,"indentSize":4,"insertSpaces":true,"cursorStyle":1,"lineNumbers":1}
mdbaddi/.gitignore: Using EditorConfig core...
.gitignore: Target charset is not set
mdbaddi/.gitignore: Using EditorConfig core...
mdbaddi/.gitignore: Using EditorConfig core...
.gitignore: Target charset is not set
mdbaddi/.gitignore: {"tabSize":4,"indentSize":4,"insertSpaces":true,"cursorStyle":1,"lineNumbers":1}
mdbaddi/.gitignore: {"tabSize":4,"indentSize":4,"insertSpaces":true,"cursorStyle":1,"lineNumbers":1}
mdbaddi/.gitignore: Using EditorConfig core...
mdbaddi/.gitignore: Using EditorConfig core...
.gitignore: Target charset is not set
mdbaddi/.gitignore: {"tabSize":4,"indentSize":4,"insertSpaces":true,"cursorStyle":1,"lineNumbers":1}
